/** A cool function*/
object TestFunc {
    def testFunc(param1: String): String = {

    }
}