{"col1": "cheese", "col2":2, "targetCol": 30},
{"col1": "ham", "col2":9, "targetCol": 67},
{"col1": "bicuits", "col2":4, "targetCol": 18}