{"col1":22.0, "col2":28.0, "sum":50.0},
{"col1":30.0, "col2":20.0, "sum":50.0},
{"col1": 2.5, "col2": 2.5, "sum": 5.0},
{"col1": 2.0, "col2": 8.0, "sum":10.0}